// Jest Snapshot v1, https://goo.gl/fbAQLP

exports[`<Menu /> should render cities list 1`] = `
<ul
  className="locations__list tabs__list"
>
  <li
    className="locations__item"
  >
    <a
      className="locations__item-link tabs__item"
      href="#"
      onClick={[Function]}
    >
      <span>
        Berlin
      </span>
    </a>
  </li>
  <li
    className="locations__item"
  >
    <a
      className="locations__item-link tabs__item"
      href="#"
      onClick={[Function]}
    >
      <span>
        Rome
      </span>
    </a>
  </li>
  <li
    className="locations__item"
  >
    <a
      className="locations__item-link tabs__item"
      href="#"
      onClick={[Function]}
    >
      <span>
        Prague
      </span>
    </a>
  </li>
</ul>
`;
