// Jest Snapshot v1, https://goo.gl/fbAQLP

exports[`<Main /> should render offers 1`] = `
<div
  classNameName="page page--gray page--main"
>
  <header
    classNameName="header"
  >
    <div
      classNameName="container"
    >
      <div
        classNameName="header__wrapper"
      >
        <div
          classNameName="header__left"
        >
          <a
            classNameName="header__logo-link header__logo-link--active"
          >
            <img
              alt="6 cities logo"
              classNameName="header__logo"
              height="41"
              src="img/logo.svg"
              width="81"
            />
          </a>
        </div>
        <nav
          classNameName="header__nav"
        >
          <ul
            classNameName="header__nav-list"
          >
            <li
              classNameName="header__nav-item user"
            >
              <a
                classNameName="header__nav-link header__nav-link--profile"
                href="#"
              >
                <div
                  classNameName="header__avatar-wrapper user__avatar-wrapper"
                />
                <span
                  classNameName="header__user-name user__name"
                >
                  Oliver.conner@gmail.com
                </span>
              </a>
            </li>
          </ul>
        </nav>
      </div>
    </div>
  </header>
  <main
    classNameName="page__main page__main--index true"
  >
    <h1
      classNameName="visually-hidden"
    >
      Cities
    </h1>
    <div
      classNameName="tabs"
    >
      <section
        classNameName="locations container"
      >
        <ul
          classNameName="locations__list tabs__list"
        >
          <li
            classNameName="locations__item"
          >
            <a
              classNameName="locations__item-link tabs__item"
              href="#"
              onClick={[Function]}
            >
              <span>
                Paris
              </span>
            </a>
          </li>
          <li
            classNameName="locations__item"
          >
            <a
              classNameName="locations__item-link tabs__item"
              href="#"
              onClick={[Function]}
            >
              <span>
                Cologne
              </span>
            </a>
          </li>
          <li
            classNameName="locations__item"
          >
            <a
              classNameName="locations__item-link tabs__item"
              href="#"
              onClick={[Function]}
            >
              <span>
                Brussels
              </span>
            </a>
          </li>
          <li
            classNameName="locations__item"
          >
            <a
              classNameName="locations__item-link tabs__item"
              href="#"
              onClick={[Function]}
            >
              <span>
                Amsterdam
              </span>
            </a>
          </li>
          <li
            classNameName="locations__item"
          >
            <a
              classNameName="locations__item-link tabs__item"
              href="#"
              onClick={[Function]}
            >
              <span>
                Brussels
              </span>
            </a>
          </li>
          <li
            classNameName="locations__item"
          >
            <a
              classNameName="locations__item-link tabs__item"
              href="#"
              onClick={[Function]}
            >
              <span>
                Hamburg
              </span>
            </a>
          </li>
        </ul>
      </section>
    </div>
    <div
      classNameName="cities"
    >
      <div
        classNameName="cities__places-container container"
      >
        <section
          classNameName="cities__places places"
        >
          <h2
            classNameName="visually-hidden"
          >
            Places
          </h2>
          <b
            classNameName="places__found"
          >
            2 places to stay in Amsterdam
          </b>
          <div
            classNameName="cities__places-list places__list tabs__content"
          >
            <article
              classNameName="cities__place-card place-card"
              onMouseOver={[Function]}
            >
              <div
                classNameName="cities__image-wrapper place-card__image-wrapper"
              >
                <a
                  href="#"
                >
                  <img
                    alt="Place image"
                    classNameName="place-card__image"
                    height="200"
                    src="img/apartment-01.jpg"
                    width="260"
                  />
                </a>
              </div>
              <div
                classNameName="place-card__info"
              >
                <div
                  classNameName="place-card__price-wrapper"
                >
                  <div
                    classNameName="place-card__price"
                  >
                    <b
                      classNameName="place-card__price-value"
                    >
                      €
                      80
                    </b>
                    <span
                      classNameName="place-card__price-text"
                    >
                      / night
                    </span>
                  </div>
                  <button
                    classNameName="place-card__bookmark-button place-card__bookmark-button--active button"
                    type="button"
                  >
                    <svg
                      classNameName="place-card__bookmark-icon"
                      height="19"
                      id="icon-bookmark"
                      viewBox="0 0 17 18"
                      width="18"
                    >
                      <path
                        d="M3.993 2.185l.017-.092V2c0-.554.449-1 .99-1h10c.522 0 .957.41.997.923l-2.736 14.59-4.814-2.407-.39-.195-.408.153L1.31 16.44 3.993 2.185z"
                      />
                    </svg>
                    <span
                      classNameName="visually-hidden"
                    >
                      In bookmarks
                    </span>
                  </button>
                </div>
                <div
                  classNameName="place-card__rating rating"
                >
                  <div
                    classNameName="place-card__stars rating__stars"
                  >
                    <span
                      style={
                        Object {
                          "width": "60%",
                        }
                      }
                    />
                    <span
                      classNameName="visually-hidden"
                    >
                      Rating
                    </span>
                  </div>
                </div>
                <h2
                  classNameName="place-card__name"
                  onClick={[Function]}
                >
                  <a
                    href="#"
                  >
                    Beautiful &amp; luxurious apartment at great location
                  </a>
                </h2>
                <p
                  classNameName="place-card__type"
                >
                  Apartment
                </p>
              </div>
            </article>
            <article
              classNameName="cities__place-card place-card"
              onMouseOver={[Function]}
            >
              <div
                classNameName="cities__image-wrapper place-card__image-wrapper"
              >
                <a
                  href="#"
                >
                  <img
                    alt="Place image"
                    classNameName="place-card__image"
                    height="200"
                    src="img/room.jpg"
                    width="260"
                  />
                </a>
              </div>
              <div
                classNameName="place-card__info"
              >
                <div
                  classNameName="place-card__price-wrapper"
                >
                  <div
                    classNameName="place-card__price"
                  >
                    <b
                      classNameName="place-card__price-value"
                    >
                      €
                      132
                    </b>
                    <span
                      classNameName="place-card__price-text"
                    >
                      / night
                    </span>
                  </div>
                  <button
                    classNameName="place-card__bookmark-button place-card__bookmark-button--active button"
                    type="button"
                  >
                    <svg
                      classNameName="place-card__bookmark-icon"
                      height="19"
                      id="icon-bookmark"
                      viewBox="0 0 17 18"
                      width="18"
                    >
                      <path
                        d="M3.993 2.185l.017-.092V2c0-.554.449-1 .99-1h10c.522 0 .957.41.997.923l-2.736 14.59-4.814-2.407-.39-.195-.408.153L1.31 16.44 3.993 2.185z"
                      />
                    </svg>
                    <span
                      classNameName="visually-hidden"
                    >
                      In bookmarks
                    </span>
                  </button>
                </div>
                <div
                  classNameName="place-card__rating rating"
                >
                  <div
                    classNameName="place-card__stars rating__stars"
                  >
                    <span
                      style={
                        Object {
                          "width": "40%",
                        }
                      }
                    />
                    <span
                      classNameName="visually-hidden"
                    >
                      Rating
                    </span>
                  </div>
                </div>
                <h2
                  classNameName="place-card__name"
                  onClick={[Function]}
                >
                  <a
                    href="#"
                  >
                    Wood and stone place
                  </a>
                </h2>
                <p
                  classNameName="place-card__type"
                >
                  Private room
                </p>
              </div>
            </article>
          </div>
        </section>
        <div
          classNameName="cities__right-section"
        >
          <section
            classNameName="cities__map map"
          >
            <div
              id="map"
              style={
                Object {
                  "height": "100%",
                }
              }
            />
          </section>
        </div>
      </div>
    </div>
  </main>
</div>
`;
