// Jest Snapshot v1, https://goo.gl/fbAQLP

exports[`<App /> should render <Main /> 1`] = `null`;
